// Jest Snapshot v1, https://goo.gl/fbAQLP

exports[`render prop renders content 1`] = `<table />`;
